// Jest Snapshot v1, https://goo.gl/fbAQLP

exports[`Testing common button component renders correcly 1`] = `ShallowWrapper {}`;
