// Jest Snapshot v1, https://goo.gl/fbAQLP

exports[`Testing diet content component renders correcly 1`] = `ShallowWrapper {}`;
