// Jest Snapshot v1, https://goo.gl/fbAQLP

exports[`Testing guidance info component renders correctly 1`] = `ShallowWrapper {}`;
